// Jest Snapshot v1, https://goo.gl/fbAQLP

exports[`ServiceMap Component renders service map component 1`] = `
Array [
  <div
    className="euiPanel euiPanel--paddingMedium euiPanel--borderRadiusMedium euiPanel--plain euiPanel--hasShadow"
  >
    <div
      className="euiText euiText--medium"
    >
      <span
        className="panel-title"
      >
        Service map
      </span>
    </div>
    <div
      className="euiSpacer euiSpacer--m"
    />
    <fieldset
      className="euiButtonGroup euiButtonGroup--small euiButtonGroup--text"
      disabled={false}
    >
      <legend
        className="euiScreenReaderOnly"
      >
        Select metric for service map display
      </legend>
      <div
        className="euiButtonGroup__buttons"
      >
        <label
          className="euiButtonGroupButton euiButtonGroupButton--text euiButtonGroupButton--small euiButtonGroupButton--fill euiButtonGroupButton-isSelected"
          disabled={false}
          htmlFor="random_html_id"
          onClick={[Function]}
          style={
            Object {
              "minWidth": undefined,
            }
          }
        >
          <span
            className="euiButtonContent euiButton__content"
          >
            <span
              className="euiButton__text euiButtonGroupButton__textShift"
              data-text="Duration"
              title="Duration"
            >
              <input
                checked={true}
                className="euiScreenReaderOnly"
                data-test-subj="latency"
                disabled={false}
                id="random_html_id"
                name="random_html_id"
                onChange={[Function]}
                type="radio"
              />
              Duration
            </span>
          </span>
        </label>
        <label
          className="euiButtonGroupButton euiButtonGroupButton--text euiButtonGroupButton--small"
          disabled={false}
          htmlFor="random_html_id"
          onClick={[Function]}
          style={
            Object {
              "minWidth": undefined,
            }
          }
        >
          <span
            className="euiButtonContent euiButton__content"
          >
            <span
              className="euiButton__text euiButtonGroupButton__textShift"
              data-text="Errors"
              title="Errors"
            >
              <input
                checked={false}
                className="euiScreenReaderOnly"
                data-test-subj="error_rate"
                disabled={false}
                id="random_html_id"
                name="random_html_id"
                onChange={[Function]}
                type="radio"
              />
              Errors
            </span>
          </span>
        </label>
        <label
          className="euiButtonGroupButton euiButtonGroupButton--text euiButtonGroupButton--small"
          disabled={false}
          htmlFor="random_html_id"
          onClick={[Function]}
          style={
            Object {
              "minWidth": undefined,
            }
          }
        >
          <span
            className="euiButtonContent euiButton__content"
          >
            <span
              className="euiButton__text euiButtonGroupButton__textShift"
              data-text="Request Rate"
              title="Request Rate"
            >
              <input
                checked={false}
                className="euiScreenReaderOnly"
                data-test-subj="throughput"
                disabled={false}
                id="random_html_id"
                name="random_html_id"
                onChange={[Function]}
                type="radio"
              />
              Request Rate
            </span>
          </span>
        </label>
      </div>
    </fieldset>
    <hr
      className="euiHorizontalRule euiHorizontalRule--full euiHorizontalRule--marginMedium"
    />
    <div
      className="euiFlexGroup euiFlexGroup--gutterLarge euiFlexGroup--directionRow euiFlexGroup--responsive"
    >
      <div
        className="euiFlexItem euiFlexItem--flexGrow7"
      >
        <div
          className="euiPopover euiPopover--anchorDownLeft"
          id="service-select-dropdown"
          onKeyDown={[Function]}
          onMouseDown={[Function]}
          onMouseUp={[Function]}
          onTouchEnd={[Function]}
          onTouchStart={[Function]}
        >
          <div
            className="euiPopover__anchor"
          >
            <span
              className="euiToolTipAnchor"
              onKeyUp={[Function]}
              onMouseOut={[Function]}
              onMouseOver={[Function]}
            >
              <div
                className="euiFormControlLayout euiFormControlLayout--compressed euiFormControlLayout--group"
              >
                <label
                  className="euiFormLabel euiFormControlLayout__prepend"
                >
                  Focus on
                </label>
                <div
                  className="euiFormControlLayout__childrenWrapper"
                >
                  <input
                    aria-controls="service-select-dropdown"
                    className="euiFieldSearch euiFieldSearch--compressed euiFieldSearch--inGroup"
                    disabled={false}
                    onBlur={[Function]}
                    onChange={[Function]}
                    onClick={[Function]}
                    onFocus={[Function]}
                    onKeyUp={[Function]}
                    placeholder="Service name"
                    type="search"
                    value=""
                  />
                  <div
                    className="euiFormControlLayoutIcons"
                  >
                    <span
                      className="euiFormControlLayoutCustomIcon"
                    >
                      <svg
                        aria-hidden={true}
                        className="euiIcon euiIcon--small euiIcon-isLoading euiFormControlLayoutCustomIcon__icon"
                        focusable="false"
                        height={16}
                        role="img"
                        style={null}
                        viewBox="0 0 16 16"
                        width={16}
                        xmlns="http://www.w3.org/2000/svg"
                      >
                        <path
                          d="M5.277 10.088c.02.014.04.03.057.047.582.55 1.134.812 1.666.812.586 0 1.84-.293 3.713-.88L9 6.212V2H7v4.212l-1.723 3.876Zm-.438.987L3.539 14h8.922l-1.32-2.969C9.096 11.677 7.733 12 7 12c-.74 0-1.463-.315-2.161-.925ZM6 2H5V1h6v1h-1v4l3.375 7.594A1 1 0 0 1 12.461 15H3.54a1 1 0 0 1-.914-1.406L6 6V2Z"
                        />
                      </svg>
                    </span>
                  </div>
                </div>
                <button
                  aria-label="Clear focus and refresh the service map"
                  className="euiButtonIcon euiButtonIcon--primary euiButtonIcon--empty euiButtonIcon--small euiFormControlLayout__append"
                  data-test-subj="serviceMapRefreshButton"
                  disabled={false}
                  onClick={[Function]}
                  type="button"
                >
                  <svg
                    aria-hidden={true}
                    className="euiIcon euiIcon--medium euiIcon--inherit euiIcon-isLoading euiButtonIcon__icon"
                    focusable="false"
                    height={16}
                    role="img"
                    style={null}
                    viewBox="0 0 16 16"
                    width={16}
                    xmlns="http://www.w3.org/2000/svg"
                  >
                    <path
                      d="M5.277 10.088c.02.014.04.03.057.047.582.55 1.134.812 1.666.812.586 0 1.84-.293 3.713-.88L9 6.212V2H7v4.212l-1.723 3.876Zm-.438.987L3.539 14h8.922l-1.32-2.969C9.096 11.677 7.733 12 7 12c-.74 0-1.463-.315-2.161-.925ZM6 2H5V1h6v1h-1v4l3.375 7.594A1 1 0 0 1 12.461 15H3.54a1 1 0 0 1-.914-1.406L6 6V2Z"
                    />
                  </svg>
                </button>
              </div>
            </span>
          </div>
        </div>
      </div>
    </div>
    <div
      className="euiSpacer euiSpacer--l"
    />
    <div
      className="euiFlexGroup euiFlexGroup--directionRow"
    >
      <div
        className="euiFlexItem"
      >
        <div
          style={
            Object {
              "position": "relative",
            }
          }
        >
          <div
            data-testid="mock-graph"
          >
            Mock Graph
          </div>
          <div
            style={
              Object {
                "alignItems": "center",
                "backgroundColor": "rgba(255, 255, 255, 0.8)",
                "bottom": 0,
                "display": "flex",
                "justifyContent": "center",
                "left": 0,
                "position": "absolute",
                "right": 0,
                "top": 0,
                "zIndex": 1000,
              }
            }
          >
            <span
              aria-label="Service map is loading"
              className="euiLoadingSpinner euiLoadingSpinner--xLarge"
            />
          </div>
        </div>
      </div>
      <div
        className="euiFlexItem euiFlexItem--flexGrowZero"
      >
        <div
          style={
            Object {
              "minHeight": 400,
              "minWidth": 65,
            }
          }
        >
          <div
            id="explorerPlotComponent"
            style={
              Object {
                "height": "270px",
                "width": "100%",
              }
            }
          />
          <div
            className="euiSpacer euiSpacer--l"
          />
          <div
            className="euiFlexGroup euiFlexGroup--directionRow euiFlexGroup--responsive"
          >
            <div
              className="euiFlexItem euiFlexItem--flexGrowZero"
            >
              <img
                alt="unmatched-node-legend"
                src="file-stub"
                style={
                  Object {
                    "height": 40,
                    "width": 40,
                  }
                }
              />
            </div>
            <div
              className="euiFlexItem euiFlexItem--flexGrowZero"
              style={
                Object {
                  "marginLeft": -10,
                  "marginRight": -30,
                }
              }
            >
              <div
                className="euiText euiText--medium"
                style={
                  Object {
                    "color": "#808080",
                    "fontSize": "14px",
                    "transform": "rotate(-90deg)",
                  }
                }
              >
                No match
              </div>
            </div>
          </div>
        </div>
      </div>
    </div>
  </div>,
  <div
    className="euiSpacer euiSpacer--m"
  />,
]
`;
