// Jest Snapshot v1, https://goo.gl/fbAQLP

exports[`Group by components in materialized view renders group by components in materialized view with default options 1`] = `
<body>
  <div>
    <div
      class="euiFlexItem euiFlexItem--flexGrowZero"
    >
      <div
        class="euiPopover euiPopover--anchorDownLeft"
        id="groupByTumblePopOver"
      >
        <div
          class="euiPopover__anchor"
        >
          <button
            class="euiExpression euiExpression-isClickable euiExpression-isUppercase euiExpression--success"
          >
            <span
              class="euiExpression__description"
            >
              GROUP BY
            </span>
             
            <span
              class="euiExpression__value"
            >
              TUMBLE(, '1 minute')
            </span>
          </button>
        </div>
      </div>
    </div>
  </div>
</body>
`;

exports[`Group by components in materialized view renders group by components in materialized view with different options 1`] = `
<body>
  <div>
    <div
      class="euiFlexItem euiFlexItem--flexGrowZero"
    >
      <div
        class="euiPopover euiPopover--anchorDownLeft"
        id="groupByTumblePopOver"
      >
        <div
          class="euiPopover__anchor"
        >
          <button
            class="euiExpression euiExpression-isClickable euiExpression-isUppercase euiExpression--success"
          >
            <span
              class="euiExpression__description"
            >
              GROUP BY
            </span>
             
            <span
              class="euiExpression__value"
            >
              TUMBLE(, '1 minute')
            </span>
          </button>
        </div>
      </div>
    </div>
  </div>
</body>
`;
