// Jest Snapshot v1, https://goo.gl/fbAQLP

exports[`Trace Detail Render Flyout component render trace detail 1`] = `
<body>
  <div>
    <div
      class="euiText euiText--medium"
    >
      <span
        class="panel-title"
      >
        Overview
      </span>
    </div>
    <div
      class="euiSpacer euiSpacer--s"
    />
    <div>
      <dl
        class="euiDescriptionList euiDescriptionList--column euiDescriptionList--center euiDescriptionList--compressed"
        data-test-subj="Trace IdDescriptionList"
      >
        <dt
          class="euiDescriptionList__title"
        >
          <div
            class="euiText euiText--small"
            style="word-break: break-all; word-wrap: break-word;"
          >
            <div
              class="euiTextColor euiTextColor--subdued"
            >
              Trace Id
            </div>
          </div>
        </dt>
        <dd
          class="euiDescriptionList__description"
        >
          <div
            class="euiText euiText--small"
            style="word-break: break-all; word-wrap: break-word; white-space: pre-line;"
          >
            <b>
              mockTrace
            </b>
          </div>
        </dd>
      </dl>
      <div
        class="euiSpacer euiSpacer--s"
      />
    </div>
    <div>
      <dl
        class="euiDescriptionList euiDescriptionList--column euiDescriptionList--center euiDescriptionList--compressed"
        data-test-subj="Trace group nameDescriptionList"
      >
        <dt
          class="euiDescriptionList__title"
        >
          <div
            class="euiText euiText--small"
            style="word-break: break-all; word-wrap: break-word;"
          >
            <div
              class="euiTextColor euiTextColor--subdued"
            >
              Trace group name
            </div>
          </div>
        </dt>
        <dd
          class="euiDescriptionList__description"
        >
          <div
            class="euiText euiText--small"
            style="word-break: break-all; word-wrap: break-word; white-space: pre-line;"
          >
            <b>
              -
            </b>
          </div>
        </dd>
      </dl>
      <div
        class="euiSpacer euiSpacer--s"
      />
    </div>
    <div>
      <dl
        class="euiDescriptionList euiDescriptionList--column euiDescriptionList--center euiDescriptionList--compressed"
        data-test-subj="LatencyDescriptionList"
      >
        <dt
          class="euiDescriptionList__title"
        >
          <div
            class="euiText euiText--small"
            style="word-break: break-all; word-wrap: break-word;"
          >
            <div
              class="euiTextColor euiTextColor--subdued"
            >
              Latency
            </div>
          </div>
        </dt>
        <dd
          class="euiDescriptionList__description"
        >
          <div
            class="euiText euiText--small"
            style="word-break: break-all; word-wrap: break-word; white-space: pre-line;"
          >
            <b />
          </div>
        </dd>
      </dl>
      <div
        class="euiSpacer euiSpacer--s"
      />
    </div>
    <div>
      <dl
        class="euiDescriptionList euiDescriptionList--column euiDescriptionList--center euiDescriptionList--compressed"
        data-test-subj="Last updatedDescriptionList"
      >
        <dt
          class="euiDescriptionList__title"
        >
          <div
            class="euiText euiText--small"
            style="word-break: break-all; word-wrap: break-word;"
          >
            <div
              class="euiTextColor euiTextColor--subdued"
            >
              Last updated
            </div>
          </div>
        </dt>
        <dd
          class="euiDescriptionList__description"
        >
          <div
            class="euiText euiText--small"
            style="word-break: break-all; word-wrap: break-word; white-space: pre-line;"
          >
            <b />
          </div>
        </dd>
      </dl>
      <div
        class="euiSpacer euiSpacer--s"
      />
    </div>
    <div>
      <dl
        class="euiDescriptionList euiDescriptionList--column euiDescriptionList--center euiDescriptionList--compressed"
        data-test-subj="ErrorsDescriptionList"
      >
        <dt
          class="euiDescriptionList__title"
        >
          <div
            class="euiText euiText--small"
            style="word-break: break-all; word-wrap: break-word;"
          >
            <div
              class="euiTextColor euiTextColor--subdued"
            >
              Errors
            </div>
          </div>
        </dt>
        <dd
          class="euiDescriptionList__description"
        >
          <div
            class="euiText euiText--small"
            style="word-break: break-all; word-wrap: break-word; white-space: pre-line;"
          >
            <b />
          </div>
        </dd>
      </dl>
      <div
        class="euiSpacer euiSpacer--s"
      />
    </div>
    <div
      class="euiSpacer euiSpacer--xs"
    />
    <hr
      class="euiHorizontalRule euiHorizontalRule--full euiHorizontalRule--marginSmall"
    />
    <div
      class="euiPanel euiPanel--paddingMedium euiPanel--borderRadiusMedium euiPanel--plain euiPanel--hasShadow"
    >
      <div
        class="euiText euiText--medium"
      >
        <span
          class="panel-title"
        >
          Time spent by service
        </span>
      </div>
      <hr
        class="euiHorizontalRule euiHorizontalRule--full euiHorizontalRule--marginMedium"
      />
      <div
        class="euiFlexGroup euiFlexGroup--gutterMedium euiFlexGroup--alignItemsCenter euiFlexGroup--directionRow euiFlexGroup--responsive"
      >
        <div
          class="euiFlexItem euiFlexItem--flexGrow3"
        />
        <div
          class="euiFlexItem euiFlexItem--flexGrow3"
        />
      </div>
      <div
        class="euiSpacer euiSpacer--l"
      />
    </div>
    <div
      class="euiSpacer euiSpacer--xs"
    />
    <hr
      class="euiHorizontalRule euiHorizontalRule--full euiHorizontalRule--marginSmall"
    />
    <div
      class="euiPanel euiPanel--paddingMedium euiPanel--borderRadiusMedium euiPanel--plain euiPanel--hasShadow"
      data-test-subj="span-gantt-chart-panel"
    >
      <div
        class="euiFlexGroup euiFlexGroup--gutterMedium euiFlexGroup--directionColumn euiFlexGroup--responsive"
      >
        <div
          class="euiFlexItem euiFlexItem--flexGrowZero"
        >
          <div
            class="euiFlexGroup euiFlexGroup--gutterLarge euiFlexGroup--directionRow euiFlexGroup--responsive"
          >
            <div
              class="euiFlexItem"
            >
              <div
                class="euiText euiText--medium"
              >
                <span
                  class="panel-title"
                >
                  Spans
                </span>
                <span
                  class="panel-title-count"
                >
                   (0)
                </span>
              </div>
            </div>
            <div
              class="euiFlexItem euiFlexItem--flexGrowZero"
            >
              <div
                class="euiFlexGroup euiFlexGroup--gutterSmall euiFlexGroup--alignItemsCenter euiFlexGroup--justifyContentFlexEnd euiFlexGroup--directionRow euiFlexGroup--responsive"
              >
                <div
                  class="euiFlexItem euiFlexItem--flexGrowZero"
                >
                  <button
                    class="euiButton euiButton--primary euiButton--small euiButton-isDisabled"
                    disabled=""
                    type="button"
                  >
                    <span
                      class="euiButtonContent euiButton__content"
                    >
                      <span
                        class="euiButton__text"
                      >
                        Reset zoom
                      </span>
                    </span>
                  </button>
                </div>
                <div
                  class="euiFlexItem euiFlexItem--flexGrowZero"
                >
                  <fieldset
                    class="euiButtonGroup euiButtonGroup--small euiButtonGroup--text"
                  >
                    <legend
                      class="euiScreenReaderOnly"
                    >
                      Select view of spans
                    </legend>
                    <div
                      class="euiButtonGroup__buttons"
                    >
                      <label
                        class="euiButtonGroupButton euiButtonGroupButton--text euiButtonGroupButton--small euiButtonGroupButton--fill euiButtonGroupButton-isSelected"
                        for="random_html_id"
                      >
                        <span
                          class="euiButtonContent euiButton__content"
                        >
                          <span
                            class="euiButton__text euiButtonGroupButton__textShift"
                            data-text="Timeline"
                            title="Timeline"
                          >
                            <input
                              checked=""
                              class="euiScreenReaderOnly"
                              data-test-subj="timeline"
                              id="random_html_id"
                              name="random_html_id"
                              type="radio"
                              value=""
                            />
                            Timeline
                          </span>
                        </span>
                      </label>
                      <label
                        class="euiButtonGroupButton euiButtonGroupButton--text euiButtonGroupButton--small"
                        for="random_html_id"
                      >
                        <span
                          class="euiButtonContent euiButton__content"
                        >
                          <span
                            class="euiButton__text euiButtonGroupButton__textShift"
                            data-text="Span list"
                            title="Span list"
                          >
                            <input
                              class="euiScreenReaderOnly"
                              data-test-subj="span_list"
                              id="random_html_id"
                              name="random_html_id"
                              type="radio"
                              value=""
                            />
                            Span list
                          </span>
                        </span>
                      </label>
                      <label
                        class="euiButtonGroupButton euiButtonGroupButton--text euiButtonGroupButton--small"
                        for="random_html_id"
                      >
                        <span
                          class="euiButtonContent euiButton__content"
                        >
                          <span
                            class="euiButton__text euiButtonGroupButton__textShift"
                            data-text="Tree view"
                            title="Tree view"
                          >
                            <input
                              class="euiScreenReaderOnly"
                              data-test-subj="hierarchy_span_list"
                              id="random_html_id"
                              name="random_html_id"
                              type="radio"
                              value=""
                            />
                            Tree view
                          </span>
                        </span>
                      </label>
                    </div>
                  </fieldset>
                </div>
              </div>
            </div>
          </div>
        </div>
        <hr
          class="euiHorizontalRule euiHorizontalRule--full euiHorizontalRule--marginMedium"
        />
        <div
          class="euiFlexItem euiFlexItem--flexGrowZero"
        >
          <div
            id="explorerPlotComponent"
            style="width: 100%; height: 100%;"
          />
        </div>
        <div
          class="euiFlexItem"
          style="overflow-y: auto; max-height: 500px;"
        >
          <div
            id="explorerPlotComponent"
            style="width: 100%; height: 100%;"
          />
        </div>
      </div>
    </div>
    <div
      class="euiSpacer euiSpacer--xs"
    />
    <hr
      class="euiHorizontalRule euiHorizontalRule--full euiHorizontalRule--marginSmall"
    />
    <div
      class="euiText euiText--medium"
    >
      <span
        class="panel-title"
      >
        Payload
      </span>
    </div>
    <div
      class="euiSpacer euiSpacer--s"
    />
  </div>
</body>
`;
