// Jest Snapshot v1, https://goo.gl/fbAQLP

exports[`Datasource Page test Renders datasource page with data 1`] = `
<div>
  <div
    class="euiPage euiPage--paddingMedium euiPage--grow"
  >
    <div
      class="euiPageBody euiPageBody--borderRadiusNone"
    >
      <header
        class="euiPageHeader euiPageHeader--responsive euiPageHeader--center"
        style="justify-content: spaceBetween;"
      >
        <div
          class="euiPageHeaderSection"
          style="width: 100%; justify-content: space-between;"
        >
          <div
            class="euiFlexGroup euiFlexGroup--gutterLarge euiFlexGroup--directionRow euiFlexGroup--responsive"
          >
            <div
              class="euiFlexItem euiFlexItem--flexGrowZero"
            >
              <h1
                class="euiTitle euiTitle--large"
                data-test-subj="dataspirceTitle"
              />
            </div>
          </div>
        </div>
      </header>
      <div
        class="euiPanel euiPanel--paddingMedium euiPanel--borderRadiusMedium euiPanel--plain euiPanel--hasShadow"
      >
        <div
          class="euiFlexGroup euiFlexGroup--gutterLarge euiFlexGroup--directionRow euiFlexGroup--responsive"
        >
          <div
            class="euiFlexItem"
          >
            <div
              class="euiFlexGroup euiFlexGroup--gutterLarge euiFlexGroup--directionColumn euiFlexGroup--responsive"
            >
              <div
                class="euiFlexItem euiFlexItem--flexGrowZero"
              >
                <div
                  class="euiText euiText--medium overview-title"
                >
                  Connection title
                </div>
                <div
                  class="euiText euiText--small overview-content"
                >
                  my_spark3
                </div>
              </div>
              <div
                class="euiFlexItem euiFlexItem--flexGrowZero"
              >
                <div
                  class="euiText euiText--medium overview-title"
                >
                  Access control
                </div>
                <div
                  class="euiText euiText--small overview-content"
                >
                  -
                </div>
              </div>
            </div>
          </div>
          <div
            class="euiFlexItem"
          >
            <div
              class="euiFlexGroup euiFlexGroup--gutterLarge euiFlexGroup--directionColumn euiFlexGroup--responsive"
            >
              <div
                class="euiFlexItem euiFlexItem--flexGrowZero"
              >
                <div
                  class="euiText euiText--medium overview-title"
                >
                  Connection description
                </div>
                <div
                  class="euiText euiText--small overview-content"
                >
                  my_spark3
                </div>
              </div>
              <div
                class="euiFlexItem euiFlexItem--flexGrowZero"
              >
                <div
                  class="euiText euiText--medium overview-title"
                >
                  Connection status
                </div>
                <div
                  class="euiText euiText--small overview-content"
                >
                  j-3UNQLT1MPBGLG
                </div>
              </div>
            </div>
          </div>
        </div>
        <div
          class="euiSpacer euiSpacer--l"
        />
      </div>
      <div
        class="euiSpacer euiSpacer--l"
      />
      <div
        class="euiAccordion euiAccordion-isOpen"
      >
        <div
          class="euiAccordion__triggerWrapper"
        >
          <button
            aria-controls="queryOrAccelerateAccordion"
            aria-expanded="true"
            class="euiAccordion__button"
            id="random_html_id"
            type="button"
          >
            <span
              class="euiAccordion__iconWrapper"
            >
              <svg
                aria-hidden="true"
                class="euiIcon euiIcon--medium euiIcon-isLoading euiAccordion__icon euiAccordion__icon-isOpen"
                focusable="false"
                height="16"
                role="img"
                viewBox="0 0 16 16"
                width="16"
                xmlns="http://www.w3.org/2000/svg"
              />
            </span>
            <span
              class="euiIEFlexWrapFix"
            >
              Ways to use in Dashboards
            </span>
          </button>
        </div>
        <div
          aria-labelledby="random_html_id"
          class="euiAccordion__childWrapper"
          id="queryOrAccelerateAccordion"
          role="region"
          tabindex="-1"
        >
          <div>
            <div
              class=""
            >
              <div
                class="euiFlexGroup euiFlexGroup--gutterLarge euiFlexGroup--directionRow euiFlexGroup--responsive"
              >
                <div
                  class="euiFlexItem"
                >
                  <div
                    class="euiPanel euiPanel--paddingMedium euiPanel--borderRadiusMedium euiPanel--plain euiPanel--hasShadow euiPanel--isClickable euiCard euiCard--centerAligned euiCard--isClickable euiCard--hasIcon"
                  >
                    <div
                      class="euiCard__top"
                    >
                      <svg
                        aria-hidden="true"
                        class="euiIcon euiIcon--xxLarge euiIcon--app euiIcon-isLoading euiCard__icon"
                        focusable="false"
                        height="16"
                        role="img"
                        viewBox="0 0 16 16"
                        width="16"
                        xmlns="http://www.w3.org/2000/svg"
                      />
                    </div>
                    <div
                      class="euiCard__content"
                    >
                      <span
                        class="euiTitle euiTitle--small euiCard__title"
                        id="random_html_idTitle"
                      >
                        <button
                          aria-describedby=" random_html_idDescription"
                          class="euiCard__titleButton"
                        >
                          Query data
                        </button>
                      </span>
                      <div
                        class="euiText euiText--small euiCard__description"
                        id="random_html_idDescription"
                      >
                        <p>
                          Query your data in Data Explorer or Observability Logs.
                        </p>
                      </div>
                    </div>
                  </div>
                </div>
                <div
                  class="euiFlexItem"
                >
                  <div
                    class="euiPanel euiPanel--paddingMedium euiPanel--borderRadiusMedium euiPanel--plain euiPanel--hasShadow euiPanel--isClickable euiCard euiCard--centerAligned euiCard--isClickable euiCard--hasIcon"
                  >
                    <div
                      class="euiCard__top"
                    >
                      <svg
                        aria-hidden="true"
                        class="euiIcon euiIcon--xxLarge euiIcon-isLoading euiCard__icon"
                        focusable="false"
                        height="16"
                        role="img"
                        viewBox="0 0 16 16"
                        width="16"
                        xmlns="http://www.w3.org/2000/svg"
                      />
                    </div>
                    <div
                      class="euiCard__content"
                    >
                      <span
                        class="euiTitle euiTitle--small euiCard__title"
                        id="random_html_idTitle"
                      >
                        <button
                          aria-describedby=" random_html_idDescription"
                          class="euiCard__titleButton"
                        >
                          Accelerate performance
                        </button>
                      </span>
                      <div
                        class="euiText euiText--small euiCard__description"
                        id="random_html_idDescription"
                      >
                        <p>
                          Accelerate performance through OpenSearch indexing.
                        </p>
                      </div>
                    </div>
                  </div>
                </div>
              </div>
            </div>
          </div>
        </div>
      </div>
      <div>
        <div
          class="euiTabs"
          role="tablist"
        >
          <button
            aria-controls="random_html_id"
            aria-selected="true"
            class="euiTab euiTab-isSelected"
            id="data"
            role="tab"
            type="button"
          >
            <span
              class="euiTab__content"
            >
              Data
            </span>
          </button>
          <button
            aria-controls="random_html_id"
            aria-selected="false"
            class="euiTab"
            id="access_control"
            role="tab"
            type="button"
          >
            <span
              class="euiTab__content"
            >
              Access control
            </span>
          </button>
          <button
            aria-controls="random_html_id"
            aria-selected="false"
            class="euiTab"
            id="connection_configuration"
            role="tab"
            type="button"
          >
            <span
              class="euiTab__content"
            >
              Connection configuration
            </span>
          </button>
        </div>
        <div
          aria-labelledby="data"
          id="random_html_id"
          role="tabpanel"
        />
      </div>
      <div
        class="euiSpacer euiSpacer--l"
      />
    </div>
  </div>
</div>
`;
