// Jest Snapshot v1, https://goo.gl/fbAQLP

exports[`Saved query table component Renders saved query table 1`] = `
<body>
  <div>
    <div
      class="euiFlexGroup euiFlexGroup--gutterSmall euiFlexGroup--alignItemsCenter euiFlexGroup--justifyContentSpaceBetween euiFlexGroup--directionRow euiFlexGroup--responsive"
    >
      <div
        class="euiFlexItem"
      >
        <div
          class="euiFormControlLayout euiFormControlLayout--fullWidth euiFormControlLayout--compressed"
        >
          <div
            class="euiFormControlLayout__childrenWrapper"
          >
            <input
              class="euiFieldSearch euiFieldSearch--fullWidth euiFieldSearch--compressed"
              placeholder="Search saved queries"
              type="search"
              value=""
            />
            <div
              class="euiFormControlLayoutIcons"
            >
              <span
                class="euiFormControlLayoutCustomIcon"
              >
                <svg
                  aria-hidden="true"
                  class="euiIcon euiIcon--small euiIcon-isLoading euiFormControlLayoutCustomIcon__icon"
                  focusable="false"
                  height="16"
                  role="img"
                  viewBox="0 0 16 16"
                  width="16"
                  xmlns="http://www.w3.org/2000/svg"
                >
                  <path
                    d="M5.277 10.088c.02.014.04.03.057.047.582.55 1.134.812 1.666.812.586 0 1.84-.293 3.713-.88L9 6.212V2H7v4.212l-1.723 3.876Zm-.438.987L3.539 14h8.922l-1.32-2.969C9.096 11.677 7.733 12 7 12c-.74 0-1.463-.315-2.161-.925ZM6 2H5V1h6v1h-1v4l3.375 7.594A1 1 0 0 1 12.461 15H3.54a1 1 0 0 1-.914-1.406L6 6V2Z"
                  />
                </svg>
              </span>
            </div>
          </div>
        </div>
      </div>
      <div
        class="euiFlexItem euiFlexItem--flexGrowZero"
      >
        <div
          class="euiPopover euiPopover--anchorDownCenter"
        >
          <div
            class="euiPopover__anchor"
          >
            <button
              class="euiButton euiButton--primary euiButton--small"
              type="button"
            >
              <span
                class="euiButtonContent euiButtonContent--iconRight euiButton__content"
              >
                <svg
                  aria-hidden="true"
                  class="euiIcon euiIcon--medium euiIcon--inherit euiIcon-isLoading euiButtonContent__icon"
                  focusable="false"
                  height="16"
                  role="img"
                  viewBox="0 0 16 16"
                  width="16"
                  xmlns="http://www.w3.org/2000/svg"
                >
                  <path
                    d="M5.277 10.088c.02.014.04.03.057.047.582.55 1.134.812 1.666.812.586 0 1.84-.293 3.713-.88L9 6.212V2H7v4.212l-1.723 3.876Zm-.438.987L3.539 14h8.922l-1.32-2.969C9.096 11.677 7.733 12 7 12c-.74 0-1.463-.315-2.161-.925ZM6 2H5V1h6v1h-1v4l3.375 7.594A1 1 0 0 1 12.461 15H3.54a1 1 0 0 1-.914-1.406L6 6V2Z"
                  />
                </svg>
                <span
                  class="euiButton__text"
                >
                  Type
                   
                </span>
              </span>
            </button>
          </div>
        </div>
      </div>
      <div
        class="euiFlexItem euiFlexItem--flexGrowZero"
      >
        <div
          class="euiPopover euiPopover--anchorDownCenter"
        >
          <div
            class="euiPopover__anchor"
          >
            <button
              class="euiButton euiButton--primary euiButton--small"
              data-test-subj="eventHomeAction"
              type="button"
            >
              <span
                class="euiButtonContent euiButtonContent--iconRight euiButton__content"
              >
                <svg
                  aria-hidden="true"
                  class="euiIcon euiIcon--medium euiIcon--inherit euiIcon-isLoading euiButtonContent__icon"
                  focusable="false"
                  height="16"
                  role="img"
                  viewBox="0 0 16 16"
                  width="16"
                  xmlns="http://www.w3.org/2000/svg"
                >
                  <path
                    d="M5.277 10.088c.02.014.04.03.057.047.582.55 1.134.812 1.666.812.586 0 1.84-.293 3.713-.88L9 6.212V2H7v4.212l-1.723 3.876Zm-.438.987L3.539 14h8.922l-1.32-2.969C9.096 11.677 7.733 12 7 12c-.74 0-1.463-.315-2.161-.925ZM6 2H5V1h6v1h-1v4l3.375 7.594A1 1 0 0 1 12.461 15H3.54a1 1 0 0 1-.914-1.406L6 6V2Z"
                  />
                </svg>
                <span
                  class="euiButton__text"
                >
                  Actions
                </span>
              </span>
            </button>
          </div>
        </div>
      </div>
    </div>
    <div
      class="euiSpacer euiSpacer--m"
    />
    <div
      class="euiBasicTable"
    >
      <div>
        <div
          class="euiTableHeaderMobile"
        >
          <div
            class="euiFlexGroup euiFlexGroup--gutterLarge euiFlexGroup--alignItemsBaseline euiFlexGroup--justifyContentSpaceBetween euiFlexGroup--directionRow"
          >
            <div
              class="euiFlexItem euiFlexItem--flexGrowZero"
            >
              <div
                class="euiCheckbox"
              >
                <input
                  aria-label="Select all rows"
                  class="euiCheckbox__input"
                  id="_selection_column-checkbox_random_html_id"
                  type="checkbox"
                />
                <div
                  class="euiCheckbox__square"
                />
                <label
                  class="euiCheckbox__label"
                  for="_selection_column-checkbox_random_html_id"
                >
                  Select all rows
                </label>
              </div>
            </div>
            <div
              class="euiFlexItem euiFlexItem--flexGrowZero"
            />
          </div>
        </div>
        <table
          class="euiTable euiTable--responsive"
          id="random_html_id"
          tabindex="-1"
        >
          <caption
            class="euiScreenReaderOnly euiTableCaption"
          />
          <thead>
            <tr>
              <th
                class="euiTableHeaderCellCheckbox"
                scope="col"
              >
                <div
                  class="euiTableCellContent"
                >
                  <div
                    class="euiCheckbox euiCheckbox--inList euiCheckbox--noLabel"
                  >
                    <input
                      aria-label="Select all rows"
                      class="euiCheckbox__input"
                      data-test-subj="checkboxSelectAll"
                      id="_selection_column-checkbox_random_html_id"
                      type="checkbox"
                    />
                    <div
                      class="euiCheckbox__square"
                    />
                  </div>
                </div>
              </th>
              <td
                class="euiTableHeaderCell"
                data-test-subj="tableHeaderCell_type_0"
                role="columnheader"
                scope="col"
                style="width: 40px;"
              >
                <span
                  class="euiTableCellContent"
                >
                  <span
                    class="euiTableCellContent__text"
                  />
                </span>
              </td>
              <th
                class="euiTableHeaderCell"
                data-test-subj="tableHeaderCell_data_1"
                role="columnheader"
                scope="col"
                style="width: 70%;"
              >
                <span
                  class="euiTableCellContent"
                >
                  <span
                    class="euiTableCellContent__text"
                    title="Name"
                  >
                    Name
                  </span>
                </span>
              </th>
              <th
                class="euiTableHeaderCell"
                data-test-subj="tableHeaderCell_type_2"
                role="columnheader"
                scope="col"
              >
                <span
                  class="euiTableCellContent"
                >
                  <span
                    class="euiTableCellContent__text"
                    title="Type"
                  >
                    Type
                  </span>
                </span>
              </th>
            </tr>
          </thead>
          <tbody>
            <tr
              class="euiTableRow euiTableRow-isSelectable"
            >
              <td
                class="euiTableRowCellCheckbox"
              >
                <div
                  class="euiTableCellContent"
                >
                  <div
                    class="euiCheckbox euiCheckbox--inList euiCheckbox--noLabel"
                  >
                    <input
                      aria-label="Select this row"
                      class="euiCheckbox__input"
                      data-test-subj="checkboxSelectRow-Kocoln0BYMuJGDsOwDma"
                      id="_selection_column_Kocoln0BYMuJGDsOwDma-checkbox"
                      title="Select this row"
                      type="checkbox"
                    />
                    <div
                      class="euiCheckbox__square"
                    />
                  </div>
                </div>
              </td>
              <td
                class="euiTableRowCell"
                style="width: 40px;"
              >
                <div
                  class="euiTableCellContent euiTableCellContent--overflowingContent"
                >
                  <div
                    class=""
                  >
                    <svg
                      aria-hidden="true"
                      class="euiIcon euiIcon--medium euiIcon-isLoading"
                      focusable="false"
                      height="16"
                      role="img"
                      viewBox="0 0 16 16"
                      width="16"
                      xmlns="http://www.w3.org/2000/svg"
                    >
                      <path
                        d="M5.277 10.088c.02.014.04.03.057.047.582.55 1.134.812 1.666.812.586 0 1.84-.293 3.713-.88L9 6.212V2H7v4.212l-1.723 3.876Zm-.438.987L3.539 14h8.922l-1.32-2.969C9.096 11.677 7.733 12 7 12c-.74 0-1.463-.315-2.161-.925ZM6 2H5V1h6v1h-1v4l3.375 7.594A1 1 0 0 1 12.461 15H3.54a1 1 0 0 1-.914-1.406L6 6V2Z"
                      />
                    </svg>
                  </div>
                </div>
              </td>
              <td
                class="euiTableRowCell"
                style="width: 70%;"
              >
                <div
                  class="euiTableRowCell__mobileHeader euiTableRowCell--hideForDesktop"
                >
                  Name
                </div>
                <div
                  class="euiTableCellContent euiTableCellContent--truncateText euiTableCellContent--overflowingContent"
                >
                  <a
                    class="euiLink euiLink--primary"
                    data-test-subj="eventHome__savedQueryTableName"
                    href="observability-logs#/explorer/Kocoln0BYMuJGDsOwDma"
                    rel="noreferrer"
                  >
                    Mock Flight count by destination save to panel
                  </a>
                </div>
              </td>
              <td
                class="euiTableRowCell"
              >
                <div
                  class="euiTableRowCell__mobileHeader euiTableRowCell--hideForDesktop"
                >
                  Type
                </div>
                <div
                  class="euiTableCellContent"
                >
                  <span
                    class="euiTableCellContent__text"
                  >
                    Visualization
                  </span>
                </div>
              </td>
            </tr>
            <tr
              class="euiTableRow euiTableRow-isSelectable"
            >
              <td
                class="euiTableRowCellCheckbox"
              >
                <div
                  class="euiTableCellContent"
                >
                  <div
                    class="euiCheckbox euiCheckbox--inList euiCheckbox--noLabel"
                  >
                    <input
                      aria-label="Select this row"
                      class="euiCheckbox__input"
                      data-test-subj="checkboxSelectRow-KIcoln0BYMuJGDsOhDmk"
                      id="_selection_column_KIcoln0BYMuJGDsOhDmk-checkbox"
                      title="Select this row"
                      type="checkbox"
                    />
                    <div
                      class="euiCheckbox__square"
                    />
                  </div>
                </div>
              </td>
              <td
                class="euiTableRowCell"
                style="width: 40px;"
              >
                <div
                  class="euiTableCellContent euiTableCellContent--overflowingContent"
                >
                  <div
                    class=""
                  >
                    <svg
                      aria-hidden="true"
                      class="euiIcon euiIcon--medium euiIcon-isLoading"
                      focusable="false"
                      height="16"
                      role="img"
                      viewBox="0 0 16 16"
                      width="16"
                      xmlns="http://www.w3.org/2000/svg"
                    >
                      <path
                        d="M5.277 10.088c.02.014.04.03.057.047.582.55 1.134.812 1.666.812.586 0 1.84-.293 3.713-.88L9 6.212V2H7v4.212l-1.723 3.876Zm-.438.987L3.539 14h8.922l-1.32-2.969C9.096 11.677 7.733 12 7 12c-.74 0-1.463-.315-2.161-.925ZM6 2H5V1h6v1h-1v4l3.375 7.594A1 1 0 0 1 12.461 15H3.54a1 1 0 0 1-.914-1.406L6 6V2Z"
                      />
                    </svg>
                  </div>
                </div>
              </td>
              <td
                class="euiTableRowCell"
                style="width: 70%;"
              >
                <div
                  class="euiTableRowCell__mobileHeader euiTableRowCell--hideForDesktop"
                >
                  Name
                </div>
                <div
                  class="euiTableCellContent euiTableCellContent--truncateText euiTableCellContent--overflowingContent"
                >
                  <a
                    class="euiLink euiLink--primary"
                    data-test-subj="eventHome__savedQueryTableName"
                    href="observability-logs#/explorer/KIcoln0BYMuJGDsOhDmk"
                    rel="noreferrer"
                  >
                    Mock Flight count by destination
                  </a>
                </div>
              </td>
              <td
                class="euiTableRowCell"
              >
                <div
                  class="euiTableRowCell__mobileHeader euiTableRowCell--hideForDesktop"
                >
                  Type
                </div>
                <div
                  class="euiTableCellContent"
                >
                  <span
                    class="euiTableCellContent__text"
                  >
                    Visualization
                  </span>
                </div>
              </td>
            </tr>
          </tbody>
        </table>
      </div>
      <div>
        <div
          class="euiSpacer euiSpacer--m"
        />
        <div
          class="euiFlexGroup euiFlexGroup--gutterLarge euiFlexGroup--alignItemsCenter euiFlexGroup--justifyContentSpaceBetween euiFlexGroup--directionRow"
        >
          <div
            class="euiFlexItem euiFlexItem--flexGrowZero"
          >
            <div
              class="euiPopover euiPopover--anchorUpRight"
            >
              <div
                class="euiPopover__anchor"
              >
                <button
                  class="euiButtonEmpty euiButtonEmpty--text euiButtonEmpty--xSmall"
                  data-test-subj="tablePaginationPopoverButton"
                  type="button"
                >
                  <span
                    class="euiButtonContent euiButtonContent--iconRight euiButtonEmpty__content"
                  >
                    <svg
                      aria-hidden="true"
                      class="euiIcon euiIcon--small euiIcon--inherit euiIcon-isLoading euiButtonContent__icon"
                      focusable="false"
                      height="16"
                      role="img"
                      viewBox="0 0 16 16"
                      width="16"
                      xmlns="http://www.w3.org/2000/svg"
                    >
                      <path
                        d="M5.277 10.088c.02.014.04.03.057.047.582.55 1.134.812 1.666.812.586 0 1.84-.293 3.713-.88L9 6.212V2H7v4.212l-1.723 3.876Zm-.438.987L3.539 14h8.922l-1.32-2.969C9.096 11.677 7.733 12 7 12c-.74 0-1.463-.315-2.161-.925ZM6 2H5V1h6v1h-1v4l3.375 7.594A1 1 0 0 1 12.461 15H3.54a1 1 0 0 1-.914-1.406L6 6V2Z"
                      />
                    </svg>
                    <span
                      class="euiButtonEmpty__text"
                    >
                      Rows per page
                      : 
                      10
                    </span>
                  </span>
                </button>
              </div>
            </div>
          </div>
          <div
            class="euiFlexItem euiFlexItem--flexGrowZero"
          >
            <nav
              class="euiPagination"
            >
              <button
                aria-label="Previous page"
                class="euiButtonIcon euiButtonIcon--text euiButtonIcon--empty euiButtonIcon--xSmall"
                data-test-subj="pagination-button-previous"
                disabled=""
                type="button"
              >
                <svg
                  aria-hidden="true"
                  class="euiIcon euiIcon--medium euiIcon--inherit euiIcon-isLoading euiButtonIcon__icon"
                  focusable="false"
                  height="16"
                  role="img"
                  viewBox="0 0 16 16"
                  width="16"
                  xmlns="http://www.w3.org/2000/svg"
                >
                  <path
                    d="M5.277 10.088c.02.014.04.03.057.047.582.55 1.134.812 1.666.812.586 0 1.84-.293 3.713-.88L9 6.212V2H7v4.212l-1.723 3.876Zm-.438.987L3.539 14h8.922l-1.32-2.969C9.096 11.677 7.733 12 7 12c-.74 0-1.463-.315-2.161-.925ZM6 2H5V1h6v1h-1v4l3.375 7.594A1 1 0 0 1 12.461 15H3.54a1 1 0 0 1-.914-1.406L6 6V2Z"
                  />
                </svg>
              </button>
              <ul
                class="euiPagination__list"
              >
                <li
                  class="euiPagination__item"
                >
                  <button
                    aria-controls="random_html_id"
                    aria-current="true"
                    aria-label="Page 1 of 1"
                    class="euiButtonEmpty euiButtonEmpty--text euiButtonEmpty--small euiButtonEmpty-isDisabled euiPaginationButton euiPaginationButton-isActive euiPaginationButton--hideOnMobile"
                    data-test-subj="pagination-button-0"
                    disabled=""
                    type="button"
                  >
                    <span
                      class="euiButtonContent euiButtonEmpty__content"
                    >
                      <span
                        class="euiButtonEmpty__text"
                      >
                        1
                      </span>
                    </span>
                  </button>
                </li>
              </ul>
              <button
                aria-label="Next page"
                class="euiButtonIcon euiButtonIcon--text euiButtonIcon--empty euiButtonIcon--xSmall"
                data-test-subj="pagination-button-next"
                disabled=""
                type="button"
              >
                <svg
                  aria-hidden="true"
                  class="euiIcon euiIcon--medium euiIcon--inherit euiIcon-isLoading euiButtonIcon__icon"
                  focusable="false"
                  height="16"
                  role="img"
                  viewBox="0 0 16 16"
                  width="16"
                  xmlns="http://www.w3.org/2000/svg"
                >
                  <path
                    d="M5.277 10.088c.02.014.04.03.057.047.582.55 1.134.812 1.666.812.586 0 1.84-.293 3.713-.88L9 6.212V2H7v4.212l-1.723 3.876Zm-.438.987L3.539 14h8.922l-1.32-2.969C9.096 11.677 7.733 12 7 12c-.74 0-1.463-.315-2.161-.925ZM6 2H5V1h6v1h-1v4l3.375 7.594A1 1 0 0 1 12.461 15H3.54a1 1 0 0 1-.914-1.406L6 6V2Z"
                  />
                </svg>
              </button>
            </nav>
          </div>
        </div>
      </div>
    </div>
  </div>
</body>
`;
